// Jest Snapshot v1, https://goo.gl/fbAQLP

exports[`renders About 1`] = `
<DocumentFragment>
  <div
    class="main"
  >
    <h1>
      About us
    </h1>
    <div>
      <h1>
        Counter: 0
      </h1>
      <button>
        +1
      </button>
    </div>
  </div>
</DocumentFragment>
`;
