// Jest Snapshot v1, https://goo.gl/fbAQLP

exports[`renders Error 1`] = `
<DocumentFragment>
  <div
    class="main"
  >
    <h1>
      The requested page does not exist
    </h1>
  </div>
</DocumentFragment>
`;
